apiVersion: secrets-store.csi.x-k8s.io/v1
kind: SecretProviderClass
metadata:
  name: data-publisher-secrets
spec:
  provider: azure
  secretObjects:
    - secretName: jd-password
      type: Opaque
      data:
        - objectName: jd-password
          key: jd-password
  parameters:
    tenantId: provide tenantId
    clientID: provide clientID
    usePodIdentity: 'false'
    keyvaultName: Test1KV
    objects: |-
      array:
              - |
                objectName: jd-password
                objectType: secret
